Archive member included to satisfy reference by file (symbol)

c:/st/stm32cubeide_1.5.0/stm32cubeide/plugins/com.st.stm32cube.ide.mcu.externaltools.gnu-tools-for-stm32.7-2018-q2-update.win32_1.5.0.202011040924/tools/bin/../lib/gcc/arm-none-eabi/7.3.1/../../../../arm-none-eabi/lib/thumb/v7e-m/fpv4-sp/hard\libc_nano.a(lib_a-exit.o)
                              c:/st/stm32cubeide_1.5.0/stm32cubeide/plugins/com.st.stm32cube.ide.mcu.externaltools.gnu-tools-for-stm32.7-2018-q2-update.win32_1.5.0.202011040924/tools/bin/../lib/gcc/arm-none-eabi/7.3.1/../../../../arm-none-eabi/lib/thumb/v7e-m/fpv4-sp/hard/crt0.o (exit)
c:/st/stm32cubeide_1.5.0/stm32cubeide/plugins/com.st.stm32cube.ide.mcu.externaltools.gnu-tools-for-stm32.7-2018-q2-update.win32_1.5.0.202011040924/tools/bin/../lib/gcc/arm-none-eabi/7.3.1/../../../../arm-none-eabi/lib/thumb/v7e-m/fpv4-sp/hard\libc_nano.a(lib_a-impure.o)
                              c:/st/stm32cubeide_1.5.0/stm32cubeide/plugins/com.st.stm32cube.ide.mcu.externaltools.gnu-tools-for-stm32.7-2018-q2-update.win32_1.5.0.202011040924/tools/bin/../lib/gcc/arm-none-eabi/7.3.1/../../../../arm-none-eabi/lib/thumb/v7e-m/fpv4-sp/hard\libc_nano.a(lib_a-exit.o) (_global_impure_ptr)
c:/st/stm32cubeide_1.5.0/stm32cubeide/plugins/com.st.stm32cube.ide.mcu.externaltools.gnu-tools-for-stm32.7-2018-q2-update.win32_1.5.0.202011040924/tools/bin/../lib/gcc/arm-none-eabi/7.3.1/../../../../arm-none-eabi/lib/thumb/v7e-m/fpv4-sp/hard\libc_nano.a(lib_a-init.o)
                              c:/st/stm32cubeide_1.5.0/stm32cubeide/plugins/com.st.stm32cube.ide.mcu.externaltools.gnu-tools-for-stm32.7-2018-q2-update.win32_1.5.0.202011040924/tools/bin/../lib/gcc/arm-none-eabi/7.3.1/../../../../arm-none-eabi/lib/thumb/v7e-m/fpv4-sp/hard/crt0.o (__libc_init_array)
c:/st/stm32cubeide_1.5.0/stm32cubeide/plugins/com.st.stm32cube.ide.mcu.externaltools.gnu-tools-for-stm32.7-2018-q2-update.win32_1.5.0.202011040924/tools/bin/../lib/gcc/arm-none-eabi/7.3.1/../../../../arm-none-eabi/lib/thumb/v7e-m/fpv4-sp/hard\libc_nano.a(lib_a-memset.o)
                              c:/st/stm32cubeide_1.5.0/stm32cubeide/plugins/com.st.stm32cube.ide.mcu.externaltools.gnu-tools-for-stm32.7-2018-q2-update.win32_1.5.0.202011040924/tools/bin/../lib/gcc/arm-none-eabi/7.3.1/../../../../arm-none-eabi/lib/thumb/v7e-m/fpv4-sp/hard/crt0.o (memset)
c:/st/stm32cubeide_1.5.0/stm32cubeide/plugins/com.st.stm32cube.ide.mcu.externaltools.gnu-tools-for-stm32.7-2018-q2-update.win32_1.5.0.202011040924/tools/bin/../lib/gcc/arm-none-eabi/7.3.1/../../../../arm-none-eabi/lib/thumb/v7e-m/fpv4-sp/hard\libnosys.a(_exit.o)
                              c:/st/stm32cubeide_1.5.0/stm32cubeide/plugins/com.st.stm32cube.ide.mcu.externaltools.gnu-tools-for-stm32.7-2018-q2-update.win32_1.5.0.202011040924/tools/bin/../lib/gcc/arm-none-eabi/7.3.1/../../../../arm-none-eabi/lib/thumb/v7e-m/fpv4-sp/hard\libc_nano.a(lib_a-exit.o) (_exit)

Discarded input sections

 .text          0x0000000000000000        0x0 c:/st/stm32cubeide_1.5.0/stm32cubeide/plugins/com.st.stm32cube.ide.mcu.externaltools.gnu-tools-for-stm32.7-2018-q2-update.win32_1.5.0.202011040924/tools/bin/../lib/gcc/arm-none-eabi/7.3.1/thumb/v7e-m/fpv4-sp/hard/crti.o
 .data          0x0000000000000000        0x0 c:/st/stm32cubeide_1.5.0/stm32cubeide/plugins/com.st.stm32cube.ide.mcu.externaltools.gnu-tools-for-stm32.7-2018-q2-update.win32_1.5.0.202011040924/tools/bin/../lib/gcc/arm-none-eabi/7.3.1/thumb/v7e-m/fpv4-sp/hard/crti.o
 .bss           0x0000000000000000        0x0 c:/st/stm32cubeide_1.5.0/stm32cubeide/plugins/com.st.stm32cube.ide.mcu.externaltools.gnu-tools-for-stm32.7-2018-q2-update.win32_1.5.0.202011040924/tools/bin/../lib/gcc/arm-none-eabi/7.3.1/thumb/v7e-m/fpv4-sp/hard/crti.o
 .data          0x0000000000000000        0x4 c:/st/stm32cubeide_1.5.0/stm32cubeide/plugins/com.st.stm32cube.ide.mcu.externaltools.gnu-tools-for-stm32.7-2018-q2-update.win32_1.5.0.202011040924/tools/bin/../lib/gcc/arm-none-eabi/7.3.1/thumb/v7e-m/fpv4-sp/hard/crtbegin.o
 .text          0x0000000000000000       0x74 c:/st/stm32cubeide_1.5.0/stm32cubeide/plugins/com.st.stm32cube.ide.mcu.externaltools.gnu-tools-for-stm32.7-2018-q2-update.win32_1.5.0.202011040924/tools/bin/../lib/gcc/arm-none-eabi/7.3.1/../../../../arm-none-eabi/lib/thumb/v7e-m/fpv4-sp/hard/crt0.o
 .data          0x0000000000000000        0x0 c:/st/stm32cubeide_1.5.0/stm32cubeide/plugins/com.st.stm32cube.ide.mcu.externaltools.gnu-tools-for-stm32.7-2018-q2-update.win32_1.5.0.202011040924/tools/bin/../lib/gcc/arm-none-eabi/7.3.1/../../../../arm-none-eabi/lib/thumb/v7e-m/fpv4-sp/hard/crt0.o
 .bss           0x0000000000000000        0x0 c:/st/stm32cubeide_1.5.0/stm32cubeide/plugins/com.st.stm32cube.ide.mcu.externaltools.gnu-tools-for-stm32.7-2018-q2-update.win32_1.5.0.202011040924/tools/bin/../lib/gcc/arm-none-eabi/7.3.1/../../../../arm-none-eabi/lib/thumb/v7e-m/fpv4-sp/hard/crt0.o
 .ARM.extab     0x0000000000000000        0x0 c:/st/stm32cubeide_1.5.0/stm32cubeide/plugins/com.st.stm32cube.ide.mcu.externaltools.gnu-tools-for-stm32.7-2018-q2-update.win32_1.5.0.202011040924/tools/bin/../lib/gcc/arm-none-eabi/7.3.1/../../../../arm-none-eabi/lib/thumb/v7e-m/fpv4-sp/hard/crt0.o
 .ARM.exidx     0x0000000000000000        0x8 c:/st/stm32cubeide_1.5.0/stm32cubeide/plugins/com.st.stm32cube.ide.mcu.externaltools.gnu-tools-for-stm32.7-2018-q2-update.win32_1.5.0.202011040924/tools/bin/../lib/gcc/arm-none-eabi/7.3.1/../../../../arm-none-eabi/lib/thumb/v7e-m/fpv4-sp/hard/crt0.o
 .ARM.attributes
                0x0000000000000000       0x20 c:/st/stm32cubeide_1.5.0/stm32cubeide/plugins/com.st.stm32cube.ide.mcu.externaltools.gnu-tools-for-stm32.7-2018-q2-update.win32_1.5.0.202011040924/tools/bin/../lib/gcc/arm-none-eabi/7.3.1/../../../../arm-none-eabi/lib/thumb/v7e-m/fpv4-sp/hard/crt0.o
 .group         0x0000000000000000        0xc Src/main.o
 .group         0x0000000000000000        0xc Src/main.o
 .group         0x0000000000000000        0xc Src/main.o
 .group         0x0000000000000000        0xc Src/main.o
 .group         0x0000000000000000        0xc Src/main.o
 .group         0x0000000000000000        0xc Src/main.o
 .group         0x0000000000000000        0xc Src/main.o
 .group         0x0000000000000000        0xc Src/main.o
 .group         0x0000000000000000        0xc Src/main.o
 .group         0x0000000000000000        0xc Src/main.o
 .group         0x0000000000000000        0xc Src/main.o
 .group         0x0000000000000000        0xc Src/main.o
 .group         0x0000000000000000        0xc Src/main.o
 .group         0x0000000000000000        0xc Src/main.o
 .group         0x0000000000000000        0xc Src/main.o
 .group         0x0000000000000000        0xc Src/main.o
 .group         0x0000000000000000        0xc Src/main.o
 .group         0x0000000000000000        0xc Src/main.o
 .group         0x0000000000000000        0xc Src/main.o
 .group         0x0000000000000000        0xc Src/main.o
 .group         0x0000000000000000        0xc Src/main.o
 .group         0x0000000000000000        0xc Src/main.o
 .group         0x0000000000000000        0xc Src/main.o
 .group         0x0000000000000000        0xc Src/main.o
 .text          0x0000000000000000        0x0 Src/main.o
 .data          0x0000000000000000        0x0 Src/main.o
 .bss           0x0000000000000000        0x0 Src/main.o
 .text          0x0000000000000000       0x14 Startup/startup_stm32f407vgtx.o
 .data          0x0000000000000000        0x0 Startup/startup_stm32f407vgtx.o
 .bss           0x0000000000000000        0x0 Startup/startup_stm32f407vgtx.o
 .group         0x0000000000000000        0xc drivers/Src/stm32f407xx_gpio_driver.o
 .group         0x0000000000000000        0xc drivers/Src/stm32f407xx_gpio_driver.o
 .group         0x0000000000000000        0xc drivers/Src/stm32f407xx_gpio_driver.o
 .group         0x0000000000000000        0xc drivers/Src/stm32f407xx_gpio_driver.o
 .group         0x0000000000000000        0xc drivers/Src/stm32f407xx_gpio_driver.o
 .group         0x0000000000000000        0xc drivers/Src/stm32f407xx_gpio_driver.o
 .group         0x0000000000000000        0xc drivers/Src/stm32f407xx_gpio_driver.o
 .group         0x0000000000000000        0xc drivers/Src/stm32f407xx_gpio_driver.o
 .group         0x0000000000000000        0xc drivers/Src/stm32f407xx_gpio_driver.o
 .group         0x0000000000000000        0xc drivers/Src/stm32f407xx_gpio_driver.o
 .text          0x0000000000000000        0x0 drivers/Src/stm32f407xx_gpio_driver.o
 .data          0x0000000000000000        0x0 drivers/Src/stm32f407xx_gpio_driver.o
 .bss           0x0000000000000000        0x0 drivers/Src/stm32f407xx_gpio_driver.o
 .text.gpio_deinit
                0x0000000000000000      0x16c drivers/Src/stm32f407xx_gpio_driver.o
 .text.gpio_read_pin
                0x0000000000000000       0x2c drivers/Src/stm32f407xx_gpio_driver.o
 .text.gpio_read_port
                0x0000000000000000       0x1c drivers/Src/stm32f407xx_gpio_driver.o
 .text.gpio_write_to_port
                0x0000000000000000       0x1e drivers/Src/stm32f407xx_gpio_driver.o
 .text.gpio_toggle_pin
                0x0000000000000000       0x2a drivers/Src/stm32f407xx_gpio_driver.o
 .text.gpio_irq_set
                0x0000000000000000       0x88 drivers/Src/stm32f407xx_gpio_driver.o
 .text.gpio_irq_clear
                0x0000000000000000       0x88 drivers/Src/stm32f407xx_gpio_driver.o
 .text.gpio_irq_priority
                0x0000000000000000       0x60 drivers/Src/stm32f407xx_gpio_driver.o
 .text.gpio_irq_handler
                0x0000000000000000       0x40 drivers/Src/stm32f407xx_gpio_driver.o
 .debug_macro   0x0000000000000000      0xa66 drivers/Src/stm32f407xx_gpio_driver.o
 .debug_macro   0x0000000000000000       0x22 drivers/Src/stm32f407xx_gpio_driver.o
 .debug_macro   0x0000000000000000       0x8e drivers/Src/stm32f407xx_gpio_driver.o
 .debug_macro   0x0000000000000000       0x51 drivers/Src/stm32f407xx_gpio_driver.o
 .debug_macro   0x0000000000000000       0xef drivers/Src/stm32f407xx_gpio_driver.o
 .debug_macro   0x0000000000000000       0x6a drivers/Src/stm32f407xx_gpio_driver.o
 .debug_macro   0x0000000000000000      0x1df drivers/Src/stm32f407xx_gpio_driver.o
 .debug_macro   0x0000000000000000      0x350 drivers/Src/stm32f407xx_gpio_driver.o
 .debug_macro   0x0000000000000000       0x64 drivers/Src/stm32f407xx_gpio_driver.o
 .debug_macro   0x0000000000000000      0x1f7 drivers/Src/stm32f407xx_gpio_driver.o
 .group         0x0000000000000000        0xc drivers/Src/stm32f407xx_spi_driver.o
 .group         0x0000000000000000        0xc drivers/Src/stm32f407xx_spi_driver.o
 .group         0x0000000000000000        0xc drivers/Src/stm32f407xx_spi_driver.o
 .group         0x0000000000000000        0xc drivers/Src/stm32f407xx_spi_driver.o
 .group         0x0000000000000000        0xc drivers/Src/stm32f407xx_spi_driver.o
 .group         0x0000000000000000        0xc drivers/Src/stm32f407xx_spi_driver.o
 .group         0x0000000000000000        0xc drivers/Src/stm32f407xx_spi_driver.o
 .group         0x0000000000000000        0xc drivers/Src/stm32f407xx_spi_driver.o
 .group         0x0000000000000000        0xc drivers/Src/stm32f407xx_spi_driver.o
 .group         0x0000000000000000        0xc drivers/Src/stm32f407xx_spi_driver.o
 .text          0x0000000000000000        0x0 drivers/Src/stm32f407xx_spi_driver.o
 .data          0x0000000000000000        0x0 drivers/Src/stm32f407xx_spi_driver.o
 .bss           0x0000000000000000        0x0 drivers/Src/stm32f407xx_spi_driver.o
 .text.spi_clk_control
                0x0000000000000000       0xf0 drivers/Src/stm32f407xx_spi_driver.o
 .text.spi_configure_pin
                0x0000000000000000       0x60 drivers/Src/stm32f407xx_spi_driver.o
 .text.spi_init
                0x0000000000000000       0xa0 drivers/Src/stm32f407xx_spi_driver.o
 .text.spi_enable
                0x0000000000000000       0x32 drivers/Src/stm32f407xx_spi_driver.o
 .text.spi_ssi_enable
                0x0000000000000000       0x32 drivers/Src/stm32f407xx_spi_driver.o
 .text.spi_send
                0x0000000000000000       0x66 drivers/Src/stm32f407xx_spi_driver.o
 .text.spi_recieve
                0x0000000000000000       0x76 drivers/Src/stm32f407xx_spi_driver.o
 .debug_info    0x0000000000000000      0x58d drivers/Src/stm32f407xx_spi_driver.o
 .debug_abbrev  0x0000000000000000      0x129 drivers/Src/stm32f407xx_spi_driver.o
 .debug_aranges
                0x0000000000000000       0x50 drivers/Src/stm32f407xx_spi_driver.o
 .debug_ranges  0x0000000000000000       0x40 drivers/Src/stm32f407xx_spi_driver.o
 .debug_macro   0x0000000000000000       0x90 drivers/Src/stm32f407xx_spi_driver.o
 .debug_macro   0x0000000000000000      0xa66 drivers/Src/stm32f407xx_spi_driver.o
 .debug_macro   0x0000000000000000       0x22 drivers/Src/stm32f407xx_spi_driver.o
 .debug_macro   0x0000000000000000       0x8e drivers/Src/stm32f407xx_spi_driver.o
 .debug_macro   0x0000000000000000       0x51 drivers/Src/stm32f407xx_spi_driver.o
 .debug_macro   0x0000000000000000       0xef drivers/Src/stm32f407xx_spi_driver.o
 .debug_macro   0x0000000000000000       0x6a drivers/Src/stm32f407xx_spi_driver.o
 .debug_macro   0x0000000000000000      0x1df drivers/Src/stm32f407xx_spi_driver.o
 .debug_macro   0x0000000000000000      0x350 drivers/Src/stm32f407xx_spi_driver.o
 .debug_macro   0x0000000000000000       0x64 drivers/Src/stm32f407xx_spi_driver.o
 .debug_macro   0x0000000000000000      0x1f7 drivers/Src/stm32f407xx_spi_driver.o
 .debug_line    0x0000000000000000      0x50c drivers/Src/stm32f407xx_spi_driver.o
 .debug_str     0x0000000000000000     0x585d drivers/Src/stm32f407xx_spi_driver.o
 .comment       0x0000000000000000       0x7c drivers/Src/stm32f407xx_spi_driver.o
 .debug_frame   0x0000000000000000      0x124 drivers/Src/stm32f407xx_spi_driver.o
 .ARM.attributes
                0x0000000000000000       0x39 drivers/Src/stm32f407xx_spi_driver.o
 .group         0x0000000000000000        0xc drivers/Src/stm32f407xx_uart_driver.o
 .text          0x0000000000000000        0x0 drivers/Src/stm32f407xx_uart_driver.o
 .data          0x0000000000000000        0x0 drivers/Src/stm32f407xx_uart_driver.o
 .bss           0x0000000000000000        0x0 drivers/Src/stm32f407xx_uart_driver.o
 .debug_info    0x0000000000000000       0x21 drivers/Src/stm32f407xx_uart_driver.o
 .debug_abbrev  0x0000000000000000       0x13 drivers/Src/stm32f407xx_uart_driver.o
 .debug_aranges
                0x0000000000000000       0x18 drivers/Src/stm32f407xx_uart_driver.o
 .debug_macro   0x0000000000000000       0x11 drivers/Src/stm32f407xx_uart_driver.o
 .debug_macro   0x0000000000000000      0xa66 drivers/Src/stm32f407xx_uart_driver.o
 .debug_line    0x0000000000000000       0x49 drivers/Src/stm32f407xx_uart_driver.o
 .debug_str     0x0000000000000000     0x2d34 drivers/Src/stm32f407xx_uart_driver.o
 .comment       0x0000000000000000       0x7c drivers/Src/stm32f407xx_uart_driver.o
 .ARM.attributes
                0x0000000000000000       0x39 drivers/Src/stm32f407xx_uart_driver.o
 .text          0x0000000000000000        0x0 c:/st/stm32cubeide_1.5.0/stm32cubeide/plugins/com.st.stm32cube.ide.mcu.externaltools.gnu-tools-for-stm32.7-2018-q2-update.win32_1.5.0.202011040924/tools/bin/../lib/gcc/arm-none-eabi/7.3.1/../../../../arm-none-eabi/lib/thumb/v7e-m/fpv4-sp/hard\libc_nano.a(lib_a-exit.o)
 .data          0x0000000000000000        0x0 c:/st/stm32cubeide_1.5.0/stm32cubeide/plugins/com.st.stm32cube.ide.mcu.externaltools.gnu-tools-for-stm32.7-2018-q2-update.win32_1.5.0.202011040924/tools/bin/../lib/gcc/arm-none-eabi/7.3.1/../../../../arm-none-eabi/lib/thumb/v7e-m/fpv4-sp/hard\libc_nano.a(lib_a-exit.o)
 .bss           0x0000000000000000        0x0 c:/st/stm32cubeide_1.5.0/stm32cubeide/plugins/com.st.stm32cube.ide.mcu.externaltools.gnu-tools-for-stm32.7-2018-q2-update.win32_1.5.0.202011040924/tools/bin/../lib/gcc/arm-none-eabi/7.3.1/../../../../arm-none-eabi/lib/thumb/v7e-m/fpv4-sp/hard\libc_nano.a(lib_a-exit.o)
 .text.exit     0x0000000000000000       0x28 c:/st/stm32cubeide_1.5.0/stm32cubeide/plugins/com.st.stm32cube.ide.mcu.externaltools.gnu-tools-for-stm32.7-2018-q2-update.win32_1.5.0.202011040924/tools/bin/../lib/gcc/arm-none-eabi/7.3.1/../../../../arm-none-eabi/lib/thumb/v7e-m/fpv4-sp/hard\libc_nano.a(lib_a-exit.o)
 .debug_frame   0x0000000000000000       0x28 c:/st/stm32cubeide_1.5.0/stm32cubeide/plugins/com.st.stm32cube.ide.mcu.externaltools.gnu-tools-for-stm32.7-2018-q2-update.win32_1.5.0.202011040924/tools/bin/../lib/gcc/arm-none-eabi/7.3.1/../../../../arm-none-eabi/lib/thumb/v7e-m/fpv4-sp/hard\libc_nano.a(lib_a-exit.o)
 .ARM.attributes
                0x0000000000000000       0x34 c:/st/stm32cubeide_1.5.0/stm32cubeide/plugins/com.st.stm32cube.ide.mcu.externaltools.gnu-tools-for-stm32.7-2018-q2-update.win32_1.5.0.202011040924/tools/bin/../lib/gcc/arm-none-eabi/7.3.1/../../../../arm-none-eabi/lib/thumb/v7e-m/fpv4-sp/hard\libc_nano.a(lib_a-exit.o)
 .text          0x0000000000000000        0x0 c:/st/stm32cubeide_1.5.0/stm32cubeide/plugins/com.st.stm32cube.ide.mcu.externaltools.gnu-tools-for-stm32.7-2018-q2-update.win32_1.5.0.202011040924/tools/bin/../lib/gcc/arm-none-eabi/7.3.1/../../../../arm-none-eabi/lib/thumb/v7e-m/fpv4-sp/hard\libc_nano.a(lib_a-impure.o)
 .data          0x0000000000000000        0x0 c:/st/stm32cubeide_1.5.0/stm32cubeide/plugins/com.st.stm32cube.ide.mcu.externaltools.gnu-tools-for-stm32.7-2018-q2-update.win32_1.5.0.202011040924/tools/bin/../lib/gcc/arm-none-eabi/7.3.1/../../../../arm-none-eabi/lib/thumb/v7e-m/fpv4-sp/hard\libc_nano.a(lib_a-impure.o)
 .bss           0x0000000000000000        0x0 c:/st/stm32cubeide_1.5.0/stm32cubeide/plugins/com.st.stm32cube.ide.mcu.externaltools.gnu-tools-for-stm32.7-2018-q2-update.win32_1.5.0.202011040924/tools/bin/../lib/gcc/arm-none-eabi/7.3.1/../../../../arm-none-eabi/lib/thumb/v7e-m/fpv4-sp/hard\libc_nano.a(lib_a-impure.o)
 .data._impure_ptr
                0x0000000000000000        0x4 c:/st/stm32cubeide_1.5.0/stm32cubeide/plugins/com.st.stm32cube.ide.mcu.externaltools.gnu-tools-for-stm32.7-2018-q2-update.win32_1.5.0.202011040924/tools/bin/../lib/gcc/arm-none-eabi/7.3.1/../../../../arm-none-eabi/lib/thumb/v7e-m/fpv4-sp/hard\libc_nano.a(lib_a-impure.o)
 .data.impure_data
                0x0000000000000000       0x60 c:/st/stm32cubeide_1.5.0/stm32cubeide/plugins/com.st.stm32cube.ide.mcu.externaltools.gnu-tools-for-stm32.7-2018-q2-update.win32_1.5.0.202011040924/tools/bin/../lib/gcc/arm-none-eabi/7.3.1/../../../../arm-none-eabi/lib/thumb/v7e-m/fpv4-sp/hard\libc_nano.a(lib_a-impure.o)
 .rodata._global_impure_ptr
                0x0000000000000000        0x4 c:/st/stm32cubeide_1.5.0/stm32cubeide/plugins/com.st.stm32cube.ide.mcu.externaltools.gnu-tools-for-stm32.7-2018-q2-update.win32_1.5.0.202011040924/tools/bin/../lib/gcc/arm-none-eabi/7.3.1/../../../../arm-none-eabi/lib/thumb/v7e-m/fpv4-sp/hard\libc_nano.a(lib_a-impure.o)
 .ARM.attributes
                0x0000000000000000       0x34 c:/st/stm32cubeide_1.5.0/stm32cubeide/plugins/com.st.stm32cube.ide.mcu.externaltools.gnu-tools-for-stm32.7-2018-q2-update.win32_1.5.0.202011040924/tools/bin/../lib/gcc/arm-none-eabi/7.3.1/../../../../arm-none-eabi/lib/thumb/v7e-m/fpv4-sp/hard\libc_nano.a(lib_a-impure.o)
 .text          0x0000000000000000        0x0 c:/st/stm32cubeide_1.5.0/stm32cubeide/plugins/com.st.stm32cube.ide.mcu.externaltools.gnu-tools-for-stm32.7-2018-q2-update.win32_1.5.0.202011040924/tools/bin/../lib/gcc/arm-none-eabi/7.3.1/../../../../arm-none-eabi/lib/thumb/v7e-m/fpv4-sp/hard\libc_nano.a(lib_a-init.o)
 .data          0x0000000000000000        0x0 c:/st/stm32cubeide_1.5.0/stm32cubeide/plugins/com.st.stm32cube.ide.mcu.externaltools.gnu-tools-for-stm32.7-2018-q2-update.win32_1.5.0.202011040924/tools/bin/../lib/gcc/arm-none-eabi/7.3.1/../../../../arm-none-eabi/lib/thumb/v7e-m/fpv4-sp/hard\libc_nano.a(lib_a-init.o)
 .bss           0x0000000000000000        0x0 c:/st/stm32cubeide_1.5.0/stm32cubeide/plugins/com.st.stm32cube.ide.mcu.externaltools.gnu-tools-for-stm32.7-2018-q2-update.win32_1.5.0.202011040924/tools/bin/../lib/gcc/arm-none-eabi/7.3.1/../../../../arm-none-eabi/lib/thumb/v7e-m/fpv4-sp/hard\libc_nano.a(lib_a-init.o)
 .text          0x0000000000000000        0x0 c:/st/stm32cubeide_1.5.0/stm32cubeide/plugins/com.st.stm32cube.ide.mcu.externaltools.gnu-tools-for-stm32.7-2018-q2-update.win32_1.5.0.202011040924/tools/bin/../lib/gcc/arm-none-eabi/7.3.1/../../../../arm-none-eabi/lib/thumb/v7e-m/fpv4-sp/hard\libc_nano.a(lib_a-memset.o)
 .data          0x0000000000000000        0x0 c:/st/stm32cubeide_1.5.0/stm32cubeide/plugins/com.st.stm32cube.ide.mcu.externaltools.gnu-tools-for-stm32.7-2018-q2-update.win32_1.5.0.202011040924/tools/bin/../lib/gcc/arm-none-eabi/7.3.1/../../../../arm-none-eabi/lib/thumb/v7e-m/fpv4-sp/hard\libc_nano.a(lib_a-memset.o)
 .bss           0x0000000000000000        0x0 c:/st/stm32cubeide_1.5.0/stm32cubeide/plugins/com.st.stm32cube.ide.mcu.externaltools.gnu-tools-for-stm32.7-2018-q2-update.win32_1.5.0.202011040924/tools/bin/../lib/gcc/arm-none-eabi/7.3.1/../../../../arm-none-eabi/lib/thumb/v7e-m/fpv4-sp/hard\libc_nano.a(lib_a-memset.o)
 .text.memset   0x0000000000000000       0x10 c:/st/stm32cubeide_1.5.0/stm32cubeide/plugins/com.st.stm32cube.ide.mcu.externaltools.gnu-tools-for-stm32.7-2018-q2-update.win32_1.5.0.202011040924/tools/bin/../lib/gcc/arm-none-eabi/7.3.1/../../../../arm-none-eabi/lib/thumb/v7e-m/fpv4-sp/hard\libc_nano.a(lib_a-memset.o)
 .debug_frame   0x0000000000000000       0x20 c:/st/stm32cubeide_1.5.0/stm32cubeide/plugins/com.st.stm32cube.ide.mcu.externaltools.gnu-tools-for-stm32.7-2018-q2-update.win32_1.5.0.202011040924/tools/bin/../lib/gcc/arm-none-eabi/7.3.1/../../../../arm-none-eabi/lib/thumb/v7e-m/fpv4-sp/hard\libc_nano.a(lib_a-memset.o)
 .ARM.attributes
                0x0000000000000000       0x34 c:/st/stm32cubeide_1.5.0/stm32cubeide/plugins/com.st.stm32cube.ide.mcu.externaltools.gnu-tools-for-stm32.7-2018-q2-update.win32_1.5.0.202011040924/tools/bin/../lib/gcc/arm-none-eabi/7.3.1/../../../../arm-none-eabi/lib/thumb/v7e-m/fpv4-sp/hard\libc_nano.a(lib_a-memset.o)
 .text          0x0000000000000000        0x0 c:/st/stm32cubeide_1.5.0/stm32cubeide/plugins/com.st.stm32cube.ide.mcu.externaltools.gnu-tools-for-stm32.7-2018-q2-update.win32_1.5.0.202011040924/tools/bin/../lib/gcc/arm-none-eabi/7.3.1/../../../../arm-none-eabi/lib/thumb/v7e-m/fpv4-sp/hard\libnosys.a(_exit.o)
 .data          0x0000000000000000        0x0 c:/st/stm32cubeide_1.5.0/stm32cubeide/plugins/com.st.stm32cube.ide.mcu.externaltools.gnu-tools-for-stm32.7-2018-q2-update.win32_1.5.0.202011040924/tools/bin/../lib/gcc/arm-none-eabi/7.3.1/../../../../arm-none-eabi/lib/thumb/v7e-m/fpv4-sp/hard\libnosys.a(_exit.o)
 .bss           0x0000000000000000        0x0 c:/st/stm32cubeide_1.5.0/stm32cubeide/plugins/com.st.stm32cube.ide.mcu.externaltools.gnu-tools-for-stm32.7-2018-q2-update.win32_1.5.0.202011040924/tools/bin/../lib/gcc/arm-none-eabi/7.3.1/../../../../arm-none-eabi/lib/thumb/v7e-m/fpv4-sp/hard\libnosys.a(_exit.o)
 .text._exit    0x0000000000000000        0x2 c:/st/stm32cubeide_1.5.0/stm32cubeide/plugins/com.st.stm32cube.ide.mcu.externaltools.gnu-tools-for-stm32.7-2018-q2-update.win32_1.5.0.202011040924/tools/bin/../lib/gcc/arm-none-eabi/7.3.1/../../../../arm-none-eabi/lib/thumb/v7e-m/fpv4-sp/hard\libnosys.a(_exit.o)
 .debug_frame   0x0000000000000000       0x20 c:/st/stm32cubeide_1.5.0/stm32cubeide/plugins/com.st.stm32cube.ide.mcu.externaltools.gnu-tools-for-stm32.7-2018-q2-update.win32_1.5.0.202011040924/tools/bin/../lib/gcc/arm-none-eabi/7.3.1/../../../../arm-none-eabi/lib/thumb/v7e-m/fpv4-sp/hard\libnosys.a(_exit.o)
 .ARM.attributes
                0x0000000000000000       0x34 c:/st/stm32cubeide_1.5.0/stm32cubeide/plugins/com.st.stm32cube.ide.mcu.externaltools.gnu-tools-for-stm32.7-2018-q2-update.win32_1.5.0.202011040924/tools/bin/../lib/gcc/arm-none-eabi/7.3.1/../../../../arm-none-eabi/lib/thumb/v7e-m/fpv4-sp/hard\libnosys.a(_exit.o)
 .text          0x0000000000000000        0x0 c:/st/stm32cubeide_1.5.0/stm32cubeide/plugins/com.st.stm32cube.ide.mcu.externaltools.gnu-tools-for-stm32.7-2018-q2-update.win32_1.5.0.202011040924/tools/bin/../lib/gcc/arm-none-eabi/7.3.1/thumb/v7e-m/fpv4-sp/hard/crtend.o
 .data          0x0000000000000000        0x0 c:/st/stm32cubeide_1.5.0/stm32cubeide/plugins/com.st.stm32cube.ide.mcu.externaltools.gnu-tools-for-stm32.7-2018-q2-update.win32_1.5.0.202011040924/tools/bin/../lib/gcc/arm-none-eabi/7.3.1/thumb/v7e-m/fpv4-sp/hard/crtend.o
 .bss           0x0000000000000000        0x0 c:/st/stm32cubeide_1.5.0/stm32cubeide/plugins/com.st.stm32cube.ide.mcu.externaltools.gnu-tools-for-stm32.7-2018-q2-update.win32_1.5.0.202011040924/tools/bin/../lib/gcc/arm-none-eabi/7.3.1/thumb/v7e-m/fpv4-sp/hard/crtend.o
 .eh_frame      0x0000000000000000        0x4 c:/st/stm32cubeide_1.5.0/stm32cubeide/plugins/com.st.stm32cube.ide.mcu.externaltools.gnu-tools-for-stm32.7-2018-q2-update.win32_1.5.0.202011040924/tools/bin/../lib/gcc/arm-none-eabi/7.3.1/thumb/v7e-m/fpv4-sp/hard/crtend.o
 .ARM.attributes
                0x0000000000000000       0x34 c:/st/stm32cubeide_1.5.0/stm32cubeide/plugins/com.st.stm32cube.ide.mcu.externaltools.gnu-tools-for-stm32.7-2018-q2-update.win32_1.5.0.202011040924/tools/bin/../lib/gcc/arm-none-eabi/7.3.1/thumb/v7e-m/fpv4-sp/hard/crtend.o
 .text          0x0000000000000000        0x0 c:/st/stm32cubeide_1.5.0/stm32cubeide/plugins/com.st.stm32cube.ide.mcu.externaltools.gnu-tools-for-stm32.7-2018-q2-update.win32_1.5.0.202011040924/tools/bin/../lib/gcc/arm-none-eabi/7.3.1/thumb/v7e-m/fpv4-sp/hard/crtn.o
 .data          0x0000000000000000        0x0 c:/st/stm32cubeide_1.5.0/stm32cubeide/plugins/com.st.stm32cube.ide.mcu.externaltools.gnu-tools-for-stm32.7-2018-q2-update.win32_1.5.0.202011040924/tools/bin/../lib/gcc/arm-none-eabi/7.3.1/thumb/v7e-m/fpv4-sp/hard/crtn.o
 .bss           0x0000000000000000        0x0 c:/st/stm32cubeide_1.5.0/stm32cubeide/plugins/com.st.stm32cube.ide.mcu.externaltools.gnu-tools-for-stm32.7-2018-q2-update.win32_1.5.0.202011040924/tools/bin/../lib/gcc/arm-none-eabi/7.3.1/thumb/v7e-m/fpv4-sp/hard/crtn.o

Memory Configuration

Name             Origin             Length             Attributes
RAM              0x0000000020000000 0x0000000000020000 xrw
FLASH            0x0000000008000000 0x0000000000100000 xr
*default*        0x0000000000000000 0xffffffffffffffff

Linker script and memory map

LOAD c:/st/stm32cubeide_1.5.0/stm32cubeide/plugins/com.st.stm32cube.ide.mcu.externaltools.gnu-tools-for-stm32.7-2018-q2-update.win32_1.5.0.202011040924/tools/bin/../lib/gcc/arm-none-eabi/7.3.1/thumb/v7e-m/fpv4-sp/hard/crti.o
LOAD c:/st/stm32cubeide_1.5.0/stm32cubeide/plugins/com.st.stm32cube.ide.mcu.externaltools.gnu-tools-for-stm32.7-2018-q2-update.win32_1.5.0.202011040924/tools/bin/../lib/gcc/arm-none-eabi/7.3.1/thumb/v7e-m/fpv4-sp/hard/crtbegin.o
LOAD c:/st/stm32cubeide_1.5.0/stm32cubeide/plugins/com.st.stm32cube.ide.mcu.externaltools.gnu-tools-for-stm32.7-2018-q2-update.win32_1.5.0.202011040924/tools/bin/../lib/gcc/arm-none-eabi/7.3.1/../../../../arm-none-eabi/lib/thumb/v7e-m/fpv4-sp/hard/crt0.o
LOAD Src/main.o
LOAD Startup/startup_stm32f407vgtx.o
LOAD drivers/Src/stm32f407xx_gpio_driver.o
LOAD drivers/Src/stm32f407xx_spi_driver.o
LOAD drivers/Src/stm32f407xx_uart_driver.o
START GROUP
LOAD c:/st/stm32cubeide_1.5.0/stm32cubeide/plugins/com.st.stm32cube.ide.mcu.externaltools.gnu-tools-for-stm32.7-2018-q2-update.win32_1.5.0.202011040924/tools/bin/../lib/gcc/arm-none-eabi/7.3.1/../../../../arm-none-eabi/lib/thumb/v7e-m/fpv4-sp/hard\libc_nano.a
LOAD c:/st/stm32cubeide_1.5.0/stm32cubeide/plugins/com.st.stm32cube.ide.mcu.externaltools.gnu-tools-for-stm32.7-2018-q2-update.win32_1.5.0.202011040924/tools/bin/../lib/gcc/arm-none-eabi/7.3.1/../../../../arm-none-eabi/lib/thumb/v7e-m/fpv4-sp/hard\libm.a
END GROUP
START GROUP
LOAD c:/st/stm32cubeide_1.5.0/stm32cubeide/plugins/com.st.stm32cube.ide.mcu.externaltools.gnu-tools-for-stm32.7-2018-q2-update.win32_1.5.0.202011040924/tools/bin/../lib/gcc/arm-none-eabi/7.3.1/thumb/v7e-m/fpv4-sp/hard\libgcc.a
LOAD c:/st/stm32cubeide_1.5.0/stm32cubeide/plugins/com.st.stm32cube.ide.mcu.externaltools.gnu-tools-for-stm32.7-2018-q2-update.win32_1.5.0.202011040924/tools/bin/../lib/gcc/arm-none-eabi/7.3.1/../../../../arm-none-eabi/lib/thumb/v7e-m/fpv4-sp/hard\libc_nano.a
END GROUP
START GROUP
LOAD c:/st/stm32cubeide_1.5.0/stm32cubeide/plugins/com.st.stm32cube.ide.mcu.externaltools.gnu-tools-for-stm32.7-2018-q2-update.win32_1.5.0.202011040924/tools/bin/../lib/gcc/arm-none-eabi/7.3.1/thumb/v7e-m/fpv4-sp/hard\libgcc.a
LOAD c:/st/stm32cubeide_1.5.0/stm32cubeide/plugins/com.st.stm32cube.ide.mcu.externaltools.gnu-tools-for-stm32.7-2018-q2-update.win32_1.5.0.202011040924/tools/bin/../lib/gcc/arm-none-eabi/7.3.1/../../../../arm-none-eabi/lib/thumb/v7e-m/fpv4-sp/hard\libc_nano.a
LOAD c:/st/stm32cubeide_1.5.0/stm32cubeide/plugins/com.st.stm32cube.ide.mcu.externaltools.gnu-tools-for-stm32.7-2018-q2-update.win32_1.5.0.202011040924/tools/bin/../lib/gcc/arm-none-eabi/7.3.1/../../../../arm-none-eabi/lib/thumb/v7e-m/fpv4-sp/hard\libnosys.a
END GROUP
START GROUP
LOAD c:/st/stm32cubeide_1.5.0/stm32cubeide/plugins/com.st.stm32cube.ide.mcu.externaltools.gnu-tools-for-stm32.7-2018-q2-update.win32_1.5.0.202011040924/tools/bin/../lib/gcc/arm-none-eabi/7.3.1/thumb/v7e-m/fpv4-sp/hard\libgcc.a
LOAD c:/st/stm32cubeide_1.5.0/stm32cubeide/plugins/com.st.stm32cube.ide.mcu.externaltools.gnu-tools-for-stm32.7-2018-q2-update.win32_1.5.0.202011040924/tools/bin/../lib/gcc/arm-none-eabi/7.3.1/../../../../arm-none-eabi/lib/thumb/v7e-m/fpv4-sp/hard\libc_nano.a
LOAD c:/st/stm32cubeide_1.5.0/stm32cubeide/plugins/com.st.stm32cube.ide.mcu.externaltools.gnu-tools-for-stm32.7-2018-q2-update.win32_1.5.0.202011040924/tools/bin/../lib/gcc/arm-none-eabi/7.3.1/../../../../arm-none-eabi/lib/thumb/v7e-m/fpv4-sp/hard\libnosys.a
END GROUP
LOAD c:/st/stm32cubeide_1.5.0/stm32cubeide/plugins/com.st.stm32cube.ide.mcu.externaltools.gnu-tools-for-stm32.7-2018-q2-update.win32_1.5.0.202011040924/tools/bin/../lib/gcc/arm-none-eabi/7.3.1/thumb/v7e-m/fpv4-sp/hard/crtend.o
LOAD c:/st/stm32cubeide_1.5.0/stm32cubeide/plugins/com.st.stm32cube.ide.mcu.externaltools.gnu-tools-for-stm32.7-2018-q2-update.win32_1.5.0.202011040924/tools/bin/../lib/gcc/arm-none-eabi/7.3.1/thumb/v7e-m/fpv4-sp/hard/crtn.o
                0x0000000020020000                _estack = (ORIGIN (RAM) + LENGTH (RAM))
                0x0000000000000200                _Min_Heap_Size = 0x200
                0x0000000000000400                _Min_Stack_Size = 0x400

.isr_vector     0x0000000008000000      0x1a8
                0x0000000008000000                . = ALIGN (0x4)
 *(.isr_vector)
 .isr_vector    0x0000000008000000      0x1a8 Startup/startup_stm32f407vgtx.o
                0x0000000008000000                g_pfnVectors
                0x00000000080001a8                . = ALIGN (0x4)

.text           0x00000000080001a8      0xa30
                0x00000000080001a8                . = ALIGN (0x4)
 *(.text)
 .text          0x00000000080001a8       0x40 c:/st/stm32cubeide_1.5.0/stm32cubeide/plugins/com.st.stm32cube.ide.mcu.externaltools.gnu-tools-for-stm32.7-2018-q2-update.win32_1.5.0.202011040924/tools/bin/../lib/gcc/arm-none-eabi/7.3.1/thumb/v7e-m/fpv4-sp/hard/crtbegin.o
 *(.text*)
 .text.delay    0x00000000080001e8       0x28 Src/main.o
                0x00000000080001e8                delay
 .text.gpio_driver_function
                0x0000000008000210       0xc4 Src/main.o
                0x0000000008000210                gpio_driver_function
 .text.motor_run
                0x00000000080002d4      0x1ac Src/main.o
                0x00000000080002d4                motor_run
 .text.main     0x0000000008000480       0xae Src/main.o
                0x0000000008000480                main
 *fill*         0x000000000800052e        0x2 
 .text.Reset_Handler
                0x0000000008000530       0x50 Startup/startup_stm32f407vgtx.o
                0x0000000008000530                Reset_Handler
 .text.Default_Handler
                0x0000000008000580        0x2 Startup/startup_stm32f407vgtx.o
                0x0000000008000580                RTC_Alarm_IRQHandler
                0x0000000008000580                HASH_RNG_IRQHandler
                0x0000000008000580                EXTI2_IRQHandler
                0x0000000008000580                TIM8_CC_IRQHandler
                0x0000000008000580                DebugMon_Handler
                0x0000000008000580                TIM1_CC_IRQHandler
                0x0000000008000580                DMA2_Stream5_IRQHandler
                0x0000000008000580                HardFault_Handler
                0x0000000008000580                DMA1_Stream5_IRQHandler
                0x0000000008000580                SysTick_Handler
                0x0000000008000580                PVD_IRQHandler
                0x0000000008000580                SDIO_IRQHandler
                0x0000000008000580                TAMP_STAMP_IRQHandler
                0x0000000008000580                PendSV_Handler
                0x0000000008000580                NMI_Handler
                0x0000000008000580                CAN2_RX1_IRQHandler
                0x0000000008000580                EXTI3_IRQHandler
                0x0000000008000580                TIM8_TRG_COM_TIM14_IRQHandler
                0x0000000008000580                TIM1_UP_TIM10_IRQHandler
                0x0000000008000580                TIM8_UP_TIM13_IRQHandler
                0x0000000008000580                I2C3_ER_IRQHandler
                0x0000000008000580                LCD_TFT_IRQHandler
                0x0000000008000580                EXTI0_IRQHandler
                0x0000000008000580                I2C2_EV_IRQHandler
                0x0000000008000580                DMA1_Stream2_IRQHandler
                0x0000000008000580                CAN1_RX0_IRQHandler
                0x0000000008000580                FPU_IRQHandler
                0x0000000008000580                OTG_HS_WKUP_IRQHandler
                0x0000000008000580                UsageFault_Handler
                0x0000000008000580                CAN2_SCE_IRQHandler
                0x0000000008000580                DMA2_Stream2_IRQHandler
                0x0000000008000580                SPI1_IRQHandler
                0x0000000008000580                TIM6_DAC_IRQHandler
                0x0000000008000580                TIM1_BRK_TIM9_IRQHandler
                0x0000000008000580                DCMI_IRQHandler
                0x0000000008000580                CAN2_RX0_IRQHandler
                0x0000000008000580                DMA2_Stream3_IRQHandler
                0x0000000008000580                USART6_IRQHandler
                0x0000000008000580                USART3_IRQHandler
                0x0000000008000580                CRYP_IRQHandler
                0x0000000008000580                CAN1_RX1_IRQHandler
                0x0000000008000580                UART5_IRQHandler
                0x0000000008000580                DMA2_Stream0_IRQHandler
                0x0000000008000580                TIM4_IRQHandler
                0x0000000008000580                I2C1_EV_IRQHandler
                0x0000000008000580                DMA1_Stream6_IRQHandler
                0x0000000008000580                DMA1_Stream1_IRQHandler
                0x0000000008000580                UART4_IRQHandler
                0x0000000008000580                LCD_TFT_1_IRQHandler
                0x0000000008000580                TIM3_IRQHandler
                0x0000000008000580                RCC_IRQHandler
                0x0000000008000580                TIM8_BRK_TIM12_IRQHandler
                0x0000000008000580                Default_Handler
                0x0000000008000580                EXTI15_10_IRQHandler
                0x0000000008000580                ADC_IRQHandler
                0x0000000008000580                DMA1_Stream7_IRQHandler
                0x0000000008000580                TIM7_IRQHandler
                0x0000000008000580                CAN2_TX_IRQHandler
                0x0000000008000580                TIM5_IRQHandler
                0x0000000008000580                DMA2_Stream7_IRQHandler
                0x0000000008000580                I2C3_EV_IRQHandler
                0x0000000008000580                EXTI9_5_IRQHandler
                0x0000000008000580                RTC_WKUP_IRQHandler
                0x0000000008000580                ETH_WKUP_IRQHandler
                0x0000000008000580                SPI2_IRQHandler
                0x0000000008000580                OTG_HS_EP1_IN_IRQHandler
                0x0000000008000580                MemManage_Handler
                0x0000000008000580                DMA1_Stream0_IRQHandler
                0x0000000008000580                CAN1_TX_IRQHandler
                0x0000000008000580                SVC_Handler
                0x0000000008000580                EXTI4_IRQHandler
                0x0000000008000580                FSMC_IRQHandler
                0x0000000008000580                ETH_IRQHandler
                0x0000000008000580                OTG_HS_EP1_OUT_IRQHandler
                0x0000000008000580                WWDG_IRQHandler
                0x0000000008000580                TIM2_IRQHandler
                0x0000000008000580                OTG_FS_WKUP_IRQHandler
                0x0000000008000580                TIM1_TRG_COM_TIM11_IRQHandler
                0x0000000008000580                OTG_HS_IRQHandler
                0x0000000008000580                EXTI1_IRQHandler
                0x0000000008000580                USART2_IRQHandler
                0x0000000008000580                I2C2_ER_IRQHandler
                0x0000000008000580                DMA2_Stream1_IRQHandler
                0x0000000008000580                CAN1_SCE_IRQHandler
                0x0000000008000580                DMA2_Stream4_IRQHandler
                0x0000000008000580                BusFault_Handler
                0x0000000008000580                USART1_IRQHandler
                0x0000000008000580                OTG_FS_IRQHandler
                0x0000000008000580                SPI3_IRQHandler
                0x0000000008000580                DMA1_Stream4_IRQHandler
                0x0000000008000580                I2C1_ER_IRQHandler
                0x0000000008000580                DMA2_Stream6_IRQHandler
                0x0000000008000580                DMA1_Stream3_IRQHandler
 *fill*         0x0000000008000582        0x2 
 .text.gpio_clk_control
                0x0000000008000584      0x1d0 drivers/Src/stm32f407xx_gpio_driver.o
                0x0000000008000584                gpio_clk_control
 .text.gpio_init
                0x0000000008000754      0x388 drivers/Src/stm32f407xx_gpio_driver.o
                0x0000000008000754                gpio_init
 .text.gpio_configure_pin
                0x0000000008000adc       0x50 drivers/Src/stm32f407xx_gpio_driver.o
                0x0000000008000adc                gpio_configure_pin
 .text.gpio_write_to_pin
                0x0000000008000b2c       0x4a drivers/Src/stm32f407xx_gpio_driver.o
                0x0000000008000b2c                gpio_write_to_pin
 *fill*         0x0000000008000b76        0x2 
 .text.__libc_init_array
                0x0000000008000b78       0x48 c:/st/stm32cubeide_1.5.0/stm32cubeide/plugins/com.st.stm32cube.ide.mcu.externaltools.gnu-tools-for-stm32.7-2018-q2-update.win32_1.5.0.202011040924/tools/bin/../lib/gcc/arm-none-eabi/7.3.1/../../../../arm-none-eabi/lib/thumb/v7e-m/fpv4-sp/hard\libc_nano.a(lib_a-init.o)
                0x0000000008000b78                __libc_init_array
 *(.glue_7)
 .glue_7        0x0000000008000bc0        0x0 linker stubs
 *(.glue_7t)
 .glue_7t       0x0000000008000bc0        0x0 linker stubs
 *(.eh_frame)
 .eh_frame      0x0000000008000bc0        0x0 c:/st/stm32cubeide_1.5.0/stm32cubeide/plugins/com.st.stm32cube.ide.mcu.externaltools.gnu-tools-for-stm32.7-2018-q2-update.win32_1.5.0.202011040924/tools/bin/../lib/gcc/arm-none-eabi/7.3.1/thumb/v7e-m/fpv4-sp/hard/crtbegin.o
 *(.init)
 .init          0x0000000008000bc0        0x4 c:/st/stm32cubeide_1.5.0/stm32cubeide/plugins/com.st.stm32cube.ide.mcu.externaltools.gnu-tools-for-stm32.7-2018-q2-update.win32_1.5.0.202011040924/tools/bin/../lib/gcc/arm-none-eabi/7.3.1/thumb/v7e-m/fpv4-sp/hard/crti.o
                0x0000000008000bc0                _init
 .init          0x0000000008000bc4        0x8 c:/st/stm32cubeide_1.5.0/stm32cubeide/plugins/com.st.stm32cube.ide.mcu.externaltools.gnu-tools-for-stm32.7-2018-q2-update.win32_1.5.0.202011040924/tools/bin/../lib/gcc/arm-none-eabi/7.3.1/thumb/v7e-m/fpv4-sp/hard/crtn.o
 *(.fini)
 .fini          0x0000000008000bcc        0x4 c:/st/stm32cubeide_1.5.0/stm32cubeide/plugins/com.st.stm32cube.ide.mcu.externaltools.gnu-tools-for-stm32.7-2018-q2-update.win32_1.5.0.202011040924/tools/bin/../lib/gcc/arm-none-eabi/7.3.1/thumb/v7e-m/fpv4-sp/hard/crti.o
                0x0000000008000bcc                _fini
 .fini          0x0000000008000bd0        0x8 c:/st/stm32cubeide_1.5.0/stm32cubeide/plugins/com.st.stm32cube.ide.mcu.externaltools.gnu-tools-for-stm32.7-2018-q2-update.win32_1.5.0.202011040924/tools/bin/../lib/gcc/arm-none-eabi/7.3.1/thumb/v7e-m/fpv4-sp/hard/crtn.o
                0x0000000008000bd8                . = ALIGN (0x4)
                0x0000000008000bd8                _etext = .

.vfp11_veneer   0x0000000008000bd8        0x0
 .vfp11_veneer  0x0000000008000bd8        0x0 linker stubs

.v4_bx          0x0000000008000bd8        0x0
 .v4_bx         0x0000000008000bd8        0x0 linker stubs

.iplt           0x0000000008000bd8        0x0
 .iplt          0x0000000008000bd8        0x0 c:/st/stm32cubeide_1.5.0/stm32cubeide/plugins/com.st.stm32cube.ide.mcu.externaltools.gnu-tools-for-stm32.7-2018-q2-update.win32_1.5.0.202011040924/tools/bin/../lib/gcc/arm-none-eabi/7.3.1/thumb/v7e-m/fpv4-sp/hard/crtbegin.o

.rodata         0x0000000008000bd8       0x80
                0x0000000008000bd8                . = ALIGN (0x4)
 *(.rodata)
 .rodata        0x0000000008000bd8       0x80 Src/main.o
 *(.rodata*)
                0x0000000008000c58                . = ALIGN (0x4)

.rel.dyn        0x0000000008000c58        0x0
 .rel.iplt      0x0000000008000c58        0x0 c:/st/stm32cubeide_1.5.0/stm32cubeide/plugins/com.st.stm32cube.ide.mcu.externaltools.gnu-tools-for-stm32.7-2018-q2-update.win32_1.5.0.202011040924/tools/bin/../lib/gcc/arm-none-eabi/7.3.1/thumb/v7e-m/fpv4-sp/hard/crtbegin.o

.ARM.extab      0x0000000008000c58        0x0
                0x0000000008000c58                . = ALIGN (0x4)
 *(.ARM.extab* .gnu.linkonce.armextab.*)
                0x0000000008000c58                . = ALIGN (0x4)

.ARM            0x0000000008000c58        0x0
                0x0000000008000c58                . = ALIGN (0x4)
                0x0000000008000c58                __exidx_start = .
 *(.ARM.exidx*)
                0x0000000008000c58                __exidx_end = .
                0x0000000008000c58                . = ALIGN (0x4)

.preinit_array  0x0000000008000c58        0x0
                0x0000000008000c58                . = ALIGN (0x4)
                0x0000000008000c58                PROVIDE (__preinit_array_start = .)
 *(.preinit_array*)
                0x0000000008000c58                PROVIDE (__preinit_array_end = .)
                0x0000000008000c58                . = ALIGN (0x4)

.init_array     0x0000000008000c58        0x4
                0x0000000008000c58                . = ALIGN (0x4)
                0x0000000008000c58                PROVIDE (__init_array_start = .)
 *(SORT_BY_NAME(.init_array.*))
 *(.init_array*)
 .init_array    0x0000000008000c58        0x4 c:/st/stm32cubeide_1.5.0/stm32cubeide/plugins/com.st.stm32cube.ide.mcu.externaltools.gnu-tools-for-stm32.7-2018-q2-update.win32_1.5.0.202011040924/tools/bin/../lib/gcc/arm-none-eabi/7.3.1/thumb/v7e-m/fpv4-sp/hard/crtbegin.o
                0x0000000008000c5c                PROVIDE (__init_array_end = .)
                0x0000000008000c5c                . = ALIGN (0x4)

.fini_array     0x0000000008000c5c        0x4
                0x0000000008000c5c                . = ALIGN (0x4)
                [!provide]                        PROVIDE (__fini_array_start = .)
 *(SORT_BY_NAME(.fini_array.*))
 *(.fini_array*)
 .fini_array    0x0000000008000c5c        0x4 c:/st/stm32cubeide_1.5.0/stm32cubeide/plugins/com.st.stm32cube.ide.mcu.externaltools.gnu-tools-for-stm32.7-2018-q2-update.win32_1.5.0.202011040924/tools/bin/../lib/gcc/arm-none-eabi/7.3.1/thumb/v7e-m/fpv4-sp/hard/crtbegin.o
                [!provide]                        PROVIDE (__fini_array_end = .)
                0x0000000008000c60                . = ALIGN (0x4)
                0x0000000008000c60                _sidata = LOADADDR (.data)

.data           0x0000000020000000        0x0 load address 0x0000000008000c60
                0x0000000020000000                . = ALIGN (0x4)
                0x0000000020000000                _sdata = .
 *(.data)
 *(.data*)
 *(.RamFunc)
 *(.RamFunc*)
                0x0000000020000000                . = ALIGN (0x4)
                0x0000000020000000                _edata = .

.igot.plt       0x0000000020000000        0x0 load address 0x0000000008000c60
 .igot.plt      0x0000000020000000        0x0 c:/st/stm32cubeide_1.5.0/stm32cubeide/plugins/com.st.stm32cube.ide.mcu.externaltools.gnu-tools-for-stm32.7-2018-q2-update.win32_1.5.0.202011040924/tools/bin/../lib/gcc/arm-none-eabi/7.3.1/thumb/v7e-m/fpv4-sp/hard/crtbegin.o
                0x0000000020000000                . = ALIGN (0x4)

.bss            0x0000000020000000       0x1c load address 0x0000000008000c60
                0x0000000020000000                _sbss = .
                0x0000000020000000                __bss_start__ = _sbss
 *(.bss)
 .bss           0x0000000020000000       0x1c c:/st/stm32cubeide_1.5.0/stm32cubeide/plugins/com.st.stm32cube.ide.mcu.externaltools.gnu-tools-for-stm32.7-2018-q2-update.win32_1.5.0.202011040924/tools/bin/../lib/gcc/arm-none-eabi/7.3.1/thumb/v7e-m/fpv4-sp/hard/crtbegin.o
 *(.bss*)
 *(COMMON)
                0x000000002000001c                . = ALIGN (0x4)
                0x000000002000001c                _ebss = .
                0x000000002000001c                __bss_end__ = _ebss

._user_heap_stack
                0x000000002000001c      0x604 load address 0x0000000008000c60
                0x0000000020000020                . = ALIGN (0x8)
 *fill*         0x000000002000001c        0x4 
                [!provide]                        PROVIDE (end = .)
                [!provide]                        PROVIDE (_end = .)
                0x0000000020000220                . = (. + _Min_Heap_Size)
 *fill*         0x0000000020000020      0x200 
                0x0000000020000620                . = (. + _Min_Stack_Size)
 *fill*         0x0000000020000220      0x400 
                0x0000000020000620                . = ALIGN (0x8)

/DISCARD/
 libc.a(*)
 libm.a(*)
 libgcc.a(*)

.ARM.attributes
                0x0000000000000000       0x30
 *(.ARM.attributes)
 .ARM.attributes
                0x0000000000000000       0x22 c:/st/stm32cubeide_1.5.0/stm32cubeide/plugins/com.st.stm32cube.ide.mcu.externaltools.gnu-tools-for-stm32.7-2018-q2-update.win32_1.5.0.202011040924/tools/bin/../lib/gcc/arm-none-eabi/7.3.1/thumb/v7e-m/fpv4-sp/hard/crti.o
 .ARM.attributes
                0x0000000000000022       0x34 c:/st/stm32cubeide_1.5.0/stm32cubeide/plugins/com.st.stm32cube.ide.mcu.externaltools.gnu-tools-for-stm32.7-2018-q2-update.win32_1.5.0.202011040924/tools/bin/../lib/gcc/arm-none-eabi/7.3.1/thumb/v7e-m/fpv4-sp/hard/crtbegin.o
 .ARM.attributes
                0x0000000000000056       0x39 Src/main.o
 .ARM.attributes
                0x000000000000008f       0x21 Startup/startup_stm32f407vgtx.o
 .ARM.attributes
                0x00000000000000b0       0x39 drivers/Src/stm32f407xx_gpio_driver.o
 .ARM.attributes
                0x00000000000000e9       0x34 c:/st/stm32cubeide_1.5.0/stm32cubeide/plugins/com.st.stm32cube.ide.mcu.externaltools.gnu-tools-for-stm32.7-2018-q2-update.win32_1.5.0.202011040924/tools/bin/../lib/gcc/arm-none-eabi/7.3.1/../../../../arm-none-eabi/lib/thumb/v7e-m/fpv4-sp/hard\libc_nano.a(lib_a-init.o)
 .ARM.attributes
                0x000000000000011d       0x22 c:/st/stm32cubeide_1.5.0/stm32cubeide/plugins/com.st.stm32cube.ide.mcu.externaltools.gnu-tools-for-stm32.7-2018-q2-update.win32_1.5.0.202011040924/tools/bin/../lib/gcc/arm-none-eabi/7.3.1/thumb/v7e-m/fpv4-sp/hard/crtn.o
OUTPUT(stm32f4xx_stepper_engine_control.elf elf32-littlearm)

.debug_info     0x0000000000000000     0x1433
 .debug_info    0x0000000000000000      0xc24 Src/main.o
 .debug_info    0x0000000000000c24       0x22 Startup/startup_stm32f407vgtx.o
 .debug_info    0x0000000000000c46      0x7ed drivers/Src/stm32f407xx_gpio_driver.o

.debug_abbrev   0x0000000000000000      0x393
 .debug_abbrev  0x0000000000000000      0x1f0 Src/main.o
 .debug_abbrev  0x00000000000001f0       0x12 Startup/startup_stm32f407vgtx.o
 .debug_abbrev  0x0000000000000202      0x191 drivers/Src/stm32f407xx_gpio_driver.o

.debug_aranges  0x0000000000000000       0xe0
 .debug_aranges
                0x0000000000000000       0x38 Src/main.o
 .debug_aranges
                0x0000000000000038       0x28 Startup/startup_stm32f407vgtx.o
 .debug_aranges
                0x0000000000000060       0x80 drivers/Src/stm32f407xx_gpio_driver.o

.debug_ranges   0x0000000000000000       0xb8
 .debug_ranges  0x0000000000000000       0x28 Src/main.o
 .debug_ranges  0x0000000000000028       0x20 Startup/startup_stm32f407vgtx.o
 .debug_ranges  0x0000000000000048       0x70 drivers/Src/stm32f407xx_gpio_driver.o

.debug_macro    0x0000000000000000     0x1eae
 .debug_macro   0x0000000000000000      0x186 Src/main.o
 .debug_macro   0x0000000000000186      0xa66 Src/main.o
 .debug_macro   0x0000000000000bec       0x22 Src/main.o
 .debug_macro   0x0000000000000c0e       0x8e Src/main.o
 .debug_macro   0x0000000000000c9c       0x51 Src/main.o
 .debug_macro   0x0000000000000ced       0xef Src/main.o
 .debug_macro   0x0000000000000ddc       0x6a Src/main.o
 .debug_macro   0x0000000000000e46      0x1df Src/main.o
 .debug_macro   0x0000000000001025      0x350 Src/main.o
 .debug_macro   0x0000000000001375       0x64 Src/main.o
 .debug_macro   0x00000000000013d9      0x1f7 Src/main.o
 .debug_macro   0x00000000000015d0       0x46 Src/main.o
 .debug_macro   0x0000000000001616       0x18 Src/main.o
 .debug_macro   0x000000000000162e       0x3c Src/main.o
 .debug_macro   0x000000000000166a       0x34 Src/main.o
 .debug_macro   0x000000000000169e      0x174 Src/main.o
 .debug_macro   0x0000000000001812       0x52 Src/main.o
 .debug_macro   0x0000000000001864       0x1f Src/main.o
 .debug_macro   0x0000000000001883       0x43 Src/main.o
 .debug_macro   0x00000000000018c6       0x20 Src/main.o
 .debug_macro   0x00000000000018e6      0x1a3 Src/main.o
 .debug_macro   0x0000000000001a89      0x330 Src/main.o
 .debug_macro   0x0000000000001db9       0x10 Src/main.o
 .debug_macro   0x0000000000001dc9       0x35 Src/main.o
 .debug_macro   0x0000000000001dfe       0x20 Src/main.o
 .debug_macro   0x0000000000001e1e       0x90 drivers/Src/stm32f407xx_gpio_driver.o

.debug_line     0x0000000000000000      0xd0e
 .debug_line    0x0000000000000000      0x644 Src/main.o
 .debug_line    0x0000000000000644       0x84 Startup/startup_stm32f407vgtx.o
 .debug_line    0x00000000000006c8      0x646 drivers/Src/stm32f407xx_gpio_driver.o

.debug_str      0x0000000000000000     0x8bbb
 .debug_str     0x0000000000000000     0x882b Src/main.o
                                       0x8a8e (size before relaxing)
 .debug_str     0x000000000000882b       0x31 Startup/startup_stm32f407vgtx.o
                                         0x85 (size before relaxing)
 .debug_str     0x000000000000885c      0x35f drivers/Src/stm32f407xx_gpio_driver.o
                                       0x59c7 (size before relaxing)

.comment        0x0000000000000000       0x7b
 .comment       0x0000000000000000       0x7b Src/main.o
                                         0x7c (size before relaxing)
 .comment       0x000000000000007b       0x7c drivers/Src/stm32f407xx_gpio_driver.o

.debug_frame    0x0000000000000000      0x304
 .debug_frame   0x0000000000000000       0xc0 Src/main.o
 .debug_frame   0x00000000000000c0      0x218 drivers/Src/stm32f407xx_gpio_driver.o
 .debug_frame   0x00000000000002d8       0x2c c:/st/stm32cubeide_1.5.0/stm32cubeide/plugins/com.st.stm32cube.ide.mcu.externaltools.gnu-tools-for-stm32.7-2018-q2-update.win32_1.5.0.202011040924/tools/bin/../lib/gcc/arm-none-eabi/7.3.1/../../../../arm-none-eabi/lib/thumb/v7e-m/fpv4-sp/hard\libc_nano.a(lib_a-init.o)
